// Jest Snapshot v1, https://goo.gl/fbAQLP

exports[`FavoriteButton matches snapshot 1`] = `
<View
  accessibilityState={
    {
      "busy": undefined,
      "checked": undefined,
      "disabled": false,
      "expanded": undefined,
      "selected": undefined,
    }
  }
  accessibilityValue={
    {
      "max": undefined,
      "min": undefined,
      "now": undefined,
      "text": undefined,
    }
  }
  accessible={true}
  collapsable={false}
  focusable={true}
  onClick={[Function]}
  onResponderGrant={[Function]}
  onResponderMove={[Function]}
  onResponderRelease={[Function]}
  onResponderTerminate={[Function]}
  onResponderTerminationRequest={[Function]}
  onStartShouldSetResponder={[Function]}
  style={
    {
      "alignItems": "center",
      "backgroundColor": "#F2F2F7",
      "borderRadius": 20,
      "height": 40,
      "justifyContent": "center",
      "opacity": 1,
      "width": 40,
    }
  }
  testID="favorite-button"
>
  <Text
    color="#000000"
    name="heart-outline"
    size={24}
    testID="icon"
  >
    heart-outline
  </Text>
</View>
`;
