// Jest Snapshot v1, https://goo.gl/fbAQLP

exports[`HomeScreen matches snapshot 1`] = `
<View
  edges={
    [
      "top",
    ]
  }
  style={
    {
      "backgroundColor": "#FFFFFF",
      "flex": 1,
    }
  }
>
  <View
    style={
      {
        "backgroundColor": "#F2F2F7",
        "flex": 1,
      }
    }
  >
    <View
      style={
        {
          "backgroundColor": "#FFFFFF",
          "borderBottomColor": "#E5E5EA",
          "borderBottomWidth": 1,
          "paddingBottom": 12,
          "paddingHorizontal": 16,
          "paddingTop": 16,
        }
      }
    >
      <View
        style={
          {
            "flexDirection": "row",
            "gap": 12,
          }
        }
      >
        <View
          style={
            {
              "flex": 1,
            }
          }
        >
          <View
            style={
              [
                {
                  "alignItems": "center",
                  "backgroundColor": "#F2F2F7",
                  "borderColor": "#C7C7CC",
                  "borderRadius": 10,
                  "borderWidth": 1,
                  "flexDirection": "row",
                  "height": 48,
                  "paddingHorizontal": 12,
                },
                {
                  "opacity": 1,
                },
              ]
            }
          >
            <View
              style={
                {
                  "marginRight": 8,
                }
              }
            >
              <Text
                color="#8E8E93"
                name="search"
                size={20}
                testID="icon"
              >
                search
              </Text>
            </View>
            <TextInput
              autoCapitalize="none"
              autoCorrect={false}
              editable={true}
              onChangeText={[Function]}
              placeholder="Search repositories..."
              placeholderTextColor="#8E8E93"
              style={
                {
                  "color": "#000000",
                  "flex": 1,
                  "fontSize": 16,
                  "height": "100%",
                  "paddingVertical": 0,
                }
              }
              testID="text-input"
              value=""
            />
          </View>
        </View>
        <View
          accessibilityState={
            {
              "busy": undefined,
              "checked": undefined,
              "disabled": undefined,
              "expanded": undefined,
              "selected": undefined,
            }
          }
          accessibilityValue={
            {
              "max": undefined,
              "min": undefined,
              "now": undefined,
              "text": undefined,
            }
          }
          accessible={true}
          collapsable={false}
          focusable={true}
          onClick={[Function]}
          onResponderGrant={[Function]}
          onResponderMove={[Function]}
          onResponderRelease={[Function]}
          onResponderTerminate={[Function]}
          onResponderTerminationRequest={[Function]}
          onStartShouldSetResponder={[Function]}
          style={
            {
              "alignItems": "center",
              "backgroundColor": "#F2F2F7",
              "borderColor": "#C7C7CC",
              "borderRadius": 10,
              "borderWidth": 1,
              "flexDirection": "row",
              "gap": 8,
              "height": 48,
              "justifyContent": "center",
              "opacity": 1,
              "paddingHorizontal": 16,
            }
          }
        >
          <View>
            <Text
              color="#000000"
              name="filter"
              size={20}
              testID="icon"
            >
              filter
            </Text>
          </View>
          <Text
            style={
              [
                {
                  "color": "#000000",
                  "fontSize": 16,
                  "fontWeight": "500",
                },
                false,
              ]
            }
          >
            Filter
          </Text>
        </View>
      </View>
    </View>
    <RCTScrollView
      ListEmptyComponent={[Function]}
      contentContainerStyle={
        {
          "padding": 16,
        }
      }
      data={
        [
          {
            "created_at": "2023-01-01T00:00:00Z",
            "default_branch": "main",
            "description": "Test repository",
            "fork": false,
            "forks_count": 10,
            "full_name": "algorand/test-repo",
            "html_url": "https://github.com/algorand/test-repo",
            "id": 1,
            "language": "TypeScript",
            "name": "test-repo",
            "open_issues_count": 5,
            "owner": {
              "avatar_url": "https://test.com/avatar.png",
              "html_url": "https://github.com/algorand",
              "login": "algorand",
            },
            "pushed_at": "2023-01-02T00:00:00Z",
            "stargazers_count": 100,
            "topics": [
              "blockchain",
              "algorand",
            ],
            "updated_at": "2023-01-02T00:00:00Z",
            "visibility": "public",
            "watchers_count": 50,
          },
        ]
      }
      getItem={[Function]}
      getItemCount={[Function]}
      keyExtractor={[Function]}
      onContentSizeChange={[Function]}
      onLayout={[Function]}
      onMomentumScrollBegin={[Function]}
      onMomentumScrollEnd={[Function]}
      onScroll={[Function]}
      onScrollBeginDrag={[Function]}
      onScrollEndDrag={[Function]}
      removeClippedSubviews={false}
      renderItem={[Function]}
      scrollEventThrottle={0.0001}
      stickyHeaderIndices={[]}
      viewabilityConfigCallbackPairs={[]}
    >
      <View>
        <View
          onFocusCapture={[Function]}
          onLayout={[Function]}
          style={null}
        >
          <View
            accessibilityState={
              {
                "busy": undefined,
                "checked": undefined,
                "disabled": undefined,
                "expanded": undefined,
                "selected": undefined,
              }
            }
            accessibilityValue={
              {
                "max": undefined,
                "min": undefined,
                "now": undefined,
                "text": undefined,
              }
            }
            accessible={true}
            collapsable={false}
            focusable={true}
            onClick={[Function]}
            onResponderGrant={[Function]}
            onResponderMove={[Function]}
            onResponderRelease={[Function]}
            onResponderTerminate={[Function]}
            onResponderTerminationRequest={[Function]}
            onStartShouldSetResponder={[Function]}
            style={
              {
                "backgroundColor": "#FFFFFF",
                "borderColor": "#C6C6C8",
                "borderRadius": 12,
                "borderWidth": 1,
                "marginBottom": 12,
                "opacity": 1,
                "padding": 16,
              }
            }
          >
            <View
              style={
                {
                  "alignItems": "flex-start",
                  "flexDirection": "row",
                  "justifyContent": "space-between",
                  "marginBottom": 8,
                }
              }
            >
              <View
                style={
                  {
                    "flex": 1,
                    "marginRight": 12,
                  }
                }
              >
                <Text
                  numberOfLines={1}
                  style={
                    {
                      "color": "#000000",
                      "fontSize": 18,
                      "fontWeight": "600",
                      "marginBottom": 4,
                    }
                  }
                >
                  test-repo
                </Text>
                <Text
                  numberOfLines={1}
                  style={
                    {
                      "color": "#3C3C43",
                      "fontSize": 14,
                    }
                  }
                >
                  algorand
                </Text>
              </View>
              <View
                accessibilityState={
                  {
                    "busy": undefined,
                    "checked": undefined,
                    "disabled": false,
                    "expanded": undefined,
                    "selected": undefined,
                  }
                }
                accessibilityValue={
                  {
                    "max": undefined,
                    "min": undefined,
                    "now": undefined,
                    "text": undefined,
                  }
                }
                accessible={true}
                collapsable={false}
                focusable={true}
                onClick={[Function]}
                onResponderGrant={[Function]}
                onResponderMove={[Function]}
                onResponderRelease={[Function]}
                onResponderTerminate={[Function]}
                onResponderTerminationRequest={[Function]}
                onStartShouldSetResponder={[Function]}
                style={
                  {
                    "alignItems": "center",
                    "backgroundColor": "#F2F2F7",
                    "borderRadius": 20,
                    "height": 40,
                    "justifyContent": "center",
                    "opacity": 1,
                    "width": 40,
                  }
                }
                testID="favorite-button"
              >
                <Text
                  color="#000000"
                  name="heart-outline"
                  size={24}
                  testID="icon"
                >
                  heart-outline
                </Text>
              </View>
            </View>
            <Text
              numberOfLines={2}
              style={
                {
                  "color": "#3C3C43",
                  "fontSize": 16,
                  "lineHeight": 20,
                  "marginBottom": 12,
                }
              }
            >
              Test repository
            </Text>
            <View
              style={
                {
                  "alignItems": "center",
                  "flexDirection": "row",
                  "gap": 16,
                }
              }
            >
              <View
                style={
                  {
                    "alignItems": "center",
                    "flexDirection": "row",
                    "gap": 4,
                  }
                }
              >
                <Text
                  color="#8E8E93"
                  name="star"
                  size={16}
                  testID="icon"
                >
                  star
                </Text>
                <Text
                  style={
                    {
                      "color": "#8E8E93",
                      "fontSize": 14,
                    }
                  }
                >
                  100
                </Text>
              </View>
              <View
                style={
                  {
                    "alignItems": "center",
                    "flexDirection": "row",
                    "gap": 4,
                  }
                }
              >
                <View
                  style={
                    [
                      {
                        "borderRadius": 6,
                        "height": 12,
                        "width": 12,
                      },
                      {
                        "backgroundColor": "#007AFF",
                      },
                    ]
                  }
                />
                <Text
                  style={
                    {
                      "color": "#8E8E93",
                      "fontSize": 14,
                    }
                  }
                >
                  TypeScript
                </Text>
              </View>
              <View
                style={
                  {
                    "alignItems": "center",
                    "flexDirection": "row",
                    "gap": 4,
                  }
                }
              >
                <Text
                  color="#8E8E93"
                  name="git-branch"
                  size={16}
                  testID="icon"
                >
                  git-branch
                </Text>
                <Text
                  style={
                    {
                      "color": "#8E8E93",
                      "fontSize": 14,
                    }
                  }
                >
                  10
                </Text>
              </View>
            </View>
          </View>
        </View>
      </View>
    </RCTScrollView>
  </View>
</View>
`;

exports[`HomeScreen matches snapshot when error 1`] = `
<View
  style={
    {
      "alignItems": "center",
      "flex": 1,
      "justifyContent": "center",
      "paddingHorizontal": 32,
    }
  }
>
  <Text
    color="#8E8E93"
    name="alert-circle"
    size={64}
    testID="icon"
  >
    alert-circle
  </Text>
  <Text
    style={
      {
        "color": "#3C3C43",
        "fontSize": 18,
        "fontWeight": "500",
        "marginTop": 16,
        "textAlign": "center",
      }
    }
  >
    Failed to load repositories
  </Text>
  <Text
    style={
      {
        "color": "#8E8E93",
        "fontSize": 16,
        "marginTop": 8,
        "textAlign": "center",
      }
    }
  >
    Test error
  </Text>
</View>
`;

exports[`HomeScreen matches snapshot when loading 1`] = `
<View
  style={
    {
      "alignItems": "center",
      "backgroundColor": "#F2F2F7",
      "flex": 1,
      "justifyContent": "center",
    }
  }
  testID="loading-spinner"
>
  <ActivityIndicator
    color="#007AFF"
    size="large"
    testID="activity-indicator"
  />
</View>
`;
