// Jest Snapshot v1, https://goo.gl/fbAQLP

exports[`FavoritesScreen matches snapshot when empty 1`] = `
<View
  edges={
    [
      "top",
    ]
  }
  style={
    {
      "backgroundColor": "#F2F2F7",
      "flex": 1,
    }
  }
>
  <View
    style={
      {
        "flex": 1,
      }
    }
  >
    <RCTScrollView
      ListEmptyComponent={[Function]}
      contentContainerStyle={
        {
          "flexGrow": 1,
          "padding": 16,
        }
      }
      data={[]}
      getItem={[Function]}
      getItemCount={[Function]}
      keyExtractor={[Function]}
      onContentSizeChange={[Function]}
      onLayout={[Function]}
      onMomentumScrollBegin={[Function]}
      onMomentumScrollEnd={[Function]}
      onScroll={[Function]}
      onScrollBeginDrag={[Function]}
      onScrollEndDrag={[Function]}
      removeClippedSubviews={false}
      renderItem={[Function]}
      scrollEventThrottle={0.0001}
      stickyHeaderIndices={[]}
      viewabilityConfigCallbackPairs={[]}
    >
      <View>
        <View
          style={
            {
              "alignItems": "center",
              "flex": 1,
              "justifyContent": "center",
              "paddingHorizontal": 32,
            }
          }
        >
          <Text
            color="#8E8E93"
            name="heart-outline"
            size={64}
            testID="icon"
          >
            heart-outline
          </Text>
          <Text
            style={
              {
                "color": "#3C3C43",
                "fontSize": 18,
                "fontWeight": "500",
                "marginTop": 16,
                "textAlign": "center",
              }
            }
          >
            No favorites yet
          </Text>
          <Text
            style={
              {
                "color": "#8E8E93",
                "fontSize": 16,
                "marginTop": 8,
                "textAlign": "center",
              }
            }
          >
            Star repositories to see them here
          </Text>
        </View>
      </View>
    </RCTScrollView>
  </View>
</View>
`;

exports[`FavoritesScreen matches snapshot with favorites 1`] = `
<View
  edges={
    [
      "top",
    ]
  }
  style={
    {
      "backgroundColor": "#F2F2F7",
      "flex": 1,
    }
  }
>
  <View
    style={
      {
        "flex": 1,
      }
    }
  >
    <RCTScrollView
      ListEmptyComponent={[Function]}
      contentContainerStyle={
        {
          "flexGrow": 1,
          "padding": 16,
        }
      }
      data={
        [
          {
            "created_at": "2023-01-01T00:00:00Z",
            "default_branch": "main",
            "description": "Favorite repository",
            "fork": false,
            "forks_count": 20,
            "full_name": "algorand/favorite-repo",
            "html_url": "https://github.com/algorand/favorite-repo",
            "id": 1,
            "language": "JavaScript",
            "name": "favorite-repo",
            "open_issues_count": 10,
            "owner": {
              "avatar_url": "https://test.com/avatar.png",
              "html_url": "https://github.com/algorand",
              "login": "algorand",
            },
            "pushed_at": "2023-01-02T00:00:00Z",
            "stargazers_count": 200,
            "topics": [
              "blockchain",
            ],
            "updated_at": "2023-01-02T00:00:00Z",
            "visibility": "public",
            "watchers_count": 100,
          },
        ]
      }
      getItem={[Function]}
      getItemCount={[Function]}
      keyExtractor={[Function]}
      onContentSizeChange={[Function]}
      onLayout={[Function]}
      onMomentumScrollBegin={[Function]}
      onMomentumScrollEnd={[Function]}
      onScroll={[Function]}
      onScrollBeginDrag={[Function]}
      onScrollEndDrag={[Function]}
      removeClippedSubviews={false}
      renderItem={[Function]}
      scrollEventThrottle={0.0001}
      stickyHeaderIndices={[]}
      viewabilityConfigCallbackPairs={[]}
    >
      <View>
        <View
          onFocusCapture={[Function]}
          onLayout={[Function]}
          style={null}
        >
          <View
            accessibilityState={
              {
                "busy": undefined,
                "checked": undefined,
                "disabled": undefined,
                "expanded": undefined,
                "selected": undefined,
              }
            }
            accessibilityValue={
              {
                "max": undefined,
                "min": undefined,
                "now": undefined,
                "text": undefined,
              }
            }
            accessible={true}
            collapsable={false}
            focusable={true}
            onClick={[Function]}
            onResponderGrant={[Function]}
            onResponderMove={[Function]}
            onResponderRelease={[Function]}
            onResponderTerminate={[Function]}
            onResponderTerminationRequest={[Function]}
            onStartShouldSetResponder={[Function]}
            style={
              {
                "backgroundColor": "#FFFFFF",
                "borderColor": "#C6C6C8",
                "borderRadius": 12,
                "borderWidth": 1,
                "marginBottom": 12,
                "opacity": 1,
                "padding": 16,
              }
            }
          >
            <View
              style={
                {
                  "alignItems": "flex-start",
                  "flexDirection": "row",
                  "justifyContent": "space-between",
                  "marginBottom": 8,
                }
              }
            >
              <View
                style={
                  {
                    "flex": 1,
                    "marginRight": 12,
                  }
                }
              >
                <Text
                  numberOfLines={1}
                  style={
                    {
                      "color": "#000000",
                      "fontSize": 18,
                      "fontWeight": "600",
                      "marginBottom": 4,
                    }
                  }
                >
                  favorite-repo
                </Text>
                <Text
                  numberOfLines={1}
                  style={
                    {
                      "color": "#3C3C43",
                      "fontSize": 14,
                    }
                  }
                >
                  algorand
                </Text>
              </View>
              <View
                accessibilityState={
                  {
                    "busy": undefined,
                    "checked": undefined,
                    "disabled": false,
                    "expanded": undefined,
                    "selected": undefined,
                  }
                }
                accessibilityValue={
                  {
                    "max": undefined,
                    "min": undefined,
                    "now": undefined,
                    "text": undefined,
                  }
                }
                accessible={true}
                collapsable={false}
                focusable={true}
                onClick={[Function]}
                onResponderGrant={[Function]}
                onResponderMove={[Function]}
                onResponderRelease={[Function]}
                onResponderTerminate={[Function]}
                onResponderTerminationRequest={[Function]}
                onStartShouldSetResponder={[Function]}
                style={
                  {
                    "alignItems": "center",
                    "backgroundColor": "#F2F2F7",
                    "borderRadius": 20,
                    "height": 40,
                    "justifyContent": "center",
                    "opacity": 1,
                    "width": 40,
                  }
                }
                testID="favorite-button"
              >
                <Text
                  color="#FF3B30"
                  name="heart"
                  size={24}
                  testID="icon"
                >
                  heart
                </Text>
              </View>
            </View>
            <Text
              numberOfLines={2}
              style={
                {
                  "color": "#3C3C43",
                  "fontSize": 16,
                  "lineHeight": 20,
                  "marginBottom": 12,
                }
              }
            >
              Favorite repository
            </Text>
            <View
              style={
                {
                  "alignItems": "center",
                  "flexDirection": "row",
                  "gap": 16,
                }
              }
            >
              <View
                style={
                  {
                    "alignItems": "center",
                    "flexDirection": "row",
                    "gap": 4,
                  }
                }
              >
                <Text
                  color="#8E8E93"
                  name="star"
                  size={16}
                  testID="icon"
                >
                  star
                </Text>
                <Text
                  style={
                    {
                      "color": "#8E8E93",
                      "fontSize": 14,
                    }
                  }
                >
                  200
                </Text>
              </View>
              <View
                style={
                  {
                    "alignItems": "center",
                    "flexDirection": "row",
                    "gap": 4,
                  }
                }
              >
                <View
                  style={
                    [
                      {
                        "borderRadius": 6,
                        "height": 12,
                        "width": 12,
                      },
                      {
                        "backgroundColor": "#007AFF",
                      },
                    ]
                  }
                />
                <Text
                  style={
                    {
                      "color": "#8E8E93",
                      "fontSize": 14,
                    }
                  }
                >
                  JavaScript
                </Text>
              </View>
              <View
                style={
                  {
                    "alignItems": "center",
                    "flexDirection": "row",
                    "gap": 4,
                  }
                }
              >
                <Text
                  color="#8E8E93"
                  name="git-branch"
                  size={16}
                  testID="icon"
                >
                  git-branch
                </Text>
                <Text
                  style={
                    {
                      "color": "#8E8E93",
                      "fontSize": 14,
                    }
                  }
                >
                  20
                </Text>
              </View>
            </View>
          </View>
        </View>
      </View>
    </RCTScrollView>
  </View>
</View>
`;
